// Jest Snapshot v1, https://goo.gl/fbAQLP

exports[`ActionMenu renders correctly 1`] = `
<View
  style={
    Array [
      Object {
        "backgroundColor": "#f1f2f7",
      },
    ]
  }
>
  <View
    style={
      Array [
        Object {
          "backgroundColor": "#fff",
          "borderRadius": 10,
          "marginBottom": 20,
          "marginLeft": 20,
          "marginRight": 20,
          "marginTop": 20,
          "paddingBottom": 0,
          "paddingLeft": 16,
          "paddingRight": 0,
          "paddingTop": 0,
        },
      ]
    }
  >
    <View
      accessible={true}
      focusable={false}
      onClick={[Function]}
      onResponderGrant={[Function]}
      onResponderMove={[Function]}
      onResponderRelease={[Function]}
      onResponderTerminate={[Function]}
      onResponderTerminationRequest={[Function]}
      onStartShouldSetResponder={[Function]}
      style={
        Object {
          "alignItems": "center",
          "borderColor": "#c3c4c6",
          "borderTopWidth": 0,
          "flexDirection": "row",
          "justifyContent": "space-between",
          "opacity": 1,
          "paddingBottom": 20,
          "paddingLeft": 0,
          "paddingRight": 16,
          "paddingTop": 20,
        }
      }
    >
      <View
        style={
          Object {
            "alignItems": "center",
            "flexDirection": "row",
          }
        }
      >
        <Text
          style={
            Array [
              Object {
                "color": "#000",
                "fontSize": 16,
              },
            ]
          }
        >
          $_TEST_TITLE_$
        </Text>
      </View>
      <View
        style={
          Object {
            "alignItems": "center",
            "flexDirection": "row",
          }
        }
      >
        <Icon
          color="#c3c4c6"
          name="$_TEST_ICON_$"
          size={25}
        />
      </View>
    </View>
    <View
      accessible={true}
      focusable={false}
      onClick={[Function]}
      onResponderGrant={[Function]}
      onResponderMove={[Function]}
      onResponderRelease={[Function]}
      onResponderTerminate={[Function]}
      onResponderTerminationRequest={[Function]}
      onStartShouldSetResponder={[Function]}
      style={
        Object {
          "alignItems": "center",
          "borderColor": "#c3c4c6",
          "borderTopWidth": 0.5,
          "flexDirection": "row",
          "justifyContent": "space-between",
          "opacity": 1,
          "paddingBottom": 20,
          "paddingLeft": 0,
          "paddingRight": 16,
          "paddingTop": 20,
        }
      }
    >
      <View
        style={
          Object {
            "alignItems": "center",
            "flexDirection": "row",
          }
        }
      >
        <Text
          style={
            Array [
              Object {
                "color": "#000",
                "fontSize": 16,
              },
            ]
          }
        >
          $_TEST_TITLE_$
        </Text>
      </View>
      <View
        style={
          Object {
            "alignItems": "center",
            "flexDirection": "row",
          }
        }
      >
        <Icon
          color="#c3c4c6"
          name="$_TEST_ICON_$"
          size={25}
        />
      </View>
    </View>
  </View>
  <View
    style={
      Array [
        Object {
          "backgroundColor": "#fff",
          "borderRadius": 10,
          "marginBottom": 20,
          "marginLeft": 20,
          "marginRight": 20,
          "marginTop": 20,
          "paddingBottom": 0,
          "paddingLeft": 16,
          "paddingRight": 0,
          "paddingTop": 0,
        },
      ]
    }
  >
    <View
      accessible={true}
      focusable={false}
      onClick={[Function]}
      onResponderGrant={[Function]}
      onResponderMove={[Function]}
      onResponderRelease={[Function]}
      onResponderTerminate={[Function]}
      onResponderTerminationRequest={[Function]}
      onStartShouldSetResponder={[Function]}
      style={
        Object {
          "alignItems": "center",
          "borderColor": "#c3c4c6",
          "borderTopWidth": 0,
          "flexDirection": "row",
          "justifyContent": "space-between",
          "opacity": 1,
          "paddingBottom": 20,
          "paddingLeft": 0,
          "paddingRight": 16,
          "paddingTop": 20,
        }
      }
    >
      <View
        style={
          Object {
            "alignItems": "center",
            "flexDirection": "row",
          }
        }
      >
        <Text
          style={
            Array [
              Object {
                "color": "#000",
                "fontSize": 16,
              },
            ]
          }
        >
          $_TEST_TITLE_$
        </Text>
      </View>
      <View
        style={
          Object {
            "alignItems": "center",
            "flexDirection": "row",
          }
        }
      >
        <Icon
          color="#c3c4c6"
          name="$_TEST_ICON_$"
          size={25}
        />
      </View>
    </View>
    <View
      accessible={true}
      focusable={false}
      onClick={[Function]}
      onResponderGrant={[Function]}
      onResponderMove={[Function]}
      onResponderRelease={[Function]}
      onResponderTerminate={[Function]}
      onResponderTerminationRequest={[Function]}
      onStartShouldSetResponder={[Function]}
      style={
        Object {
          "alignItems": "center",
          "borderColor": "#c3c4c6",
          "borderTopWidth": 0.5,
          "flexDirection": "row",
          "justifyContent": "space-between",
          "opacity": 1,
          "paddingBottom": 20,
          "paddingLeft": 0,
          "paddingRight": 16,
          "paddingTop": 20,
        }
      }
    >
      <View
        style={
          Object {
            "alignItems": "center",
            "flexDirection": "row",
          }
        }
      >
        <Text
          style={
            Array [
              Object {
                "color": "#000",
                "fontSize": 16,
              },
            ]
          }
        >
          $_TEST_TITLE_$
        </Text>
      </View>
      <View
        style={
          Object {
            "alignItems": "center",
            "flexDirection": "row",
          }
        }
      >
        <Text
          style={
            Array [
              Object {
                "color": "#c3c4c6",
                "fontSize": 16,
                "marginRight": 5,
              },
            ]
          }
        >
          $_PREVIEW_TEXT_$
        </Text>
        <Icon
          color="#c3c4c6"
          name="$_TEST_ICON_$"
          size={25}
        />
      </View>
    </View>
    <View
      accessible={true}
      focusable={true}
      onClick={[Function]}
      onResponderGrant={[Function]}
      onResponderMove={[Function]}
      onResponderRelease={[Function]}
      onResponderTerminate={[Function]}
      onResponderTerminationRequest={[Function]}
      onStartShouldSetResponder={[Function]}
      style={
        Object {
          "alignItems": "center",
          "borderColor": "#c3c4c6",
          "borderTopWidth": 0.5,
          "flexDirection": "row",
          "justifyContent": "space-between",
          "opacity": 1,
          "paddingBottom": 20,
          "paddingLeft": 0,
          "paddingRight": 16,
          "paddingTop": 20,
        }
      }
    >
      <View
        style={
          Object {
            "alignItems": "center",
            "flexDirection": "row",
          }
        }
      >
        <Text
          style={
            Array [
              Object {
                "color": "#000",
                "fontSize": 16,
              },
            ]
          }
        >
          $_TEST_TITLE_$
        </Text>
      </View>
      <View
        style={
          Object {
            "alignItems": "center",
            "flexDirection": "row",
          }
        }
      >
        <Icon
          color="#c3c4c6"
          name="$_TEST_ICON_$"
          size={25}
        />
      </View>
    </View>
  </View>
  <View
    style={
      Array [
        Object {
          "backgroundColor": "#fff",
          "borderRadius": 10,
          "marginBottom": 20,
          "marginLeft": 20,
          "marginRight": 20,
          "marginTop": 20,
          "paddingBottom": 0,
          "paddingLeft": 16,
          "paddingRight": 0,
          "paddingTop": 0,
        },
      ]
    }
  >
    <View
      accessible={true}
      focusable={false}
      onClick={[Function]}
      onResponderGrant={[Function]}
      onResponderMove={[Function]}
      onResponderRelease={[Function]}
      onResponderTerminate={[Function]}
      onResponderTerminationRequest={[Function]}
      onStartShouldSetResponder={[Function]}
      style={
        Object {
          "alignItems": "center",
          "borderColor": "#c3c4c6",
          "borderTopWidth": 0,
          "flexDirection": "row",
          "justifyContent": "space-between",
          "opacity": 1,
          "paddingBottom": 20,
          "paddingLeft": 0,
          "paddingRight": 16,
          "paddingTop": 20,
        }
      }
    >
      <View
        style={
          Object {
            "alignItems": "center",
            "flexDirection": "row",
          }
        }
      >
        <View
          style={
            Array [
              Object {
                "alignItems": "center",
                "borderRadius": 5,
                "height": 30,
                "justifyContent": "center",
                "marginRight": 10,
                "width": 30,
              },
              Object {
                "backgroundColor": undefined,
              },
            ]
          }
        >
          <Icon
            name="$_TEST_THUMB_ICON_$"
            size={18}
          />
        </View>
        <Text
          style={
            Array [
              Object {
                "color": "#000",
                "fontSize": 16,
              },
            ]
          }
        >
          $_TEST_TITLE_$
        </Text>
      </View>
      <View
        style={
          Object {
            "alignItems": "center",
            "flexDirection": "row",
          }
        }
      >
        <Icon
          color="#c3c4c6"
          name="$_TEST_ICON_$"
          size={25}
        />
      </View>
    </View>
    <View
      accessible={true}
      focusable={false}
      onClick={[Function]}
      onResponderGrant={[Function]}
      onResponderMove={[Function]}
      onResponderRelease={[Function]}
      onResponderTerminate={[Function]}
      onResponderTerminationRequest={[Function]}
      onStartShouldSetResponder={[Function]}
      style={
        Object {
          "alignItems": "center",
          "borderColor": "#c3c4c6",
          "borderTopWidth": 0.5,
          "flexDirection": "row",
          "justifyContent": "space-between",
          "opacity": 1,
          "paddingBottom": 20,
          "paddingLeft": 0,
          "paddingRight": 16,
          "paddingTop": 20,
        }
      }
    >
      <View
        style={
          Object {
            "alignItems": "center",
            "flexDirection": "row",
          }
        }
      >
        <Image
          source={
            Object {
              "uri": "$_TEST_THUMB_IMAGE_$",
            }
          }
          style={
            Array [
              Object {
                "borderRadius": 18,
                "height": 70,
                "marginRight": 20,
                "width": 70,
              },
            ]
          }
        />
        <Text
          style={
            Array [
              Object {
                "color": "#000",
                "fontSize": 16,
              },
            ]
          }
        >
          $_TEST_TITLE_$
        </Text>
      </View>
      <View
        style={
          Object {
            "alignItems": "center",
            "flexDirection": "row",
          }
        }
      >
        <Icon
          color="#c3c4c6"
          name="$_TEST_ICON_$"
          size={25}
        />
      </View>
    </View>
    <View
      accessible={true}
      focusable={false}
      onClick={[Function]}
      onResponderGrant={[Function]}
      onResponderMove={[Function]}
      onResponderRelease={[Function]}
      onResponderTerminate={[Function]}
      onResponderTerminationRequest={[Function]}
      onStartShouldSetResponder={[Function]}
      style={
        Object {
          "alignItems": "center",
          "borderColor": "#c3c4c6",
          "borderTopWidth": 0.5,
          "flexDirection": "row",
          "justifyContent": "space-between",
          "opacity": 1,
          "paddingBottom": 20,
          "paddingLeft": 0,
          "paddingRight": 16,
          "paddingTop": 20,
        }
      }
    >
      <View
        style={
          Object {
            "alignItems": "center",
            "flexDirection": "row",
          }
        }
      >
        <Image
          source={1}
          style={
            Array [
              Object {
                "borderRadius": 18,
                "height": 70,
                "marginRight": 20,
                "width": 70,
              },
            ]
          }
        />
        <Text
          style={
            Array [
              Object {
                "color": "#000",
                "fontSize": 16,
              },
            ]
          }
        >
          $_TEST_TITLE_$
        </Text>
      </View>
      <View
        style={
          Object {
            "alignItems": "center",
            "flexDirection": "row",
          }
        }
      >
        <Icon
          color="#c3c4c6"
          name="$_TEST_ICON_$"
          size={25}
        />
      </View>
    </View>
  </View>
</View>
`;
