// Jest Snapshot v1, https://goo.gl/fbAQLP

exports[`ResultCard renders correctly 1`] = `
<View
  accessible={true}
  focusable={true}
  onClick={[Function]}
  onResponderGrant={[Function]}
  onResponderMove={[Function]}
  onResponderRelease={[Function]}
  onResponderTerminate={[Function]}
  onResponderTerminationRequest={[Function]}
  onStartShouldSetResponder={[Function]}
  style={
    Object {
      "backgroundColor": "#fff",
      "borderBottomWidth": 1,
      "borderColor": "#c3c4c6",
      "height": 100,
      "justifyContent": "center",
      "opacity": 1,
      "paddingBottom": 20,
      "paddingLeft": 20,
      "paddingRight": 20,
      "paddingTop": 20,
      "width": "100%",
    }
  }
>
  <Text
    style={
      Array [
        Object {
          "color": "#000",
          "fontWeight": "bold",
          "marginBottom": 5,
        },
      ]
    }
  >
    $_TEST_NAME_$
  </Text>
  <Text
    style={
      Array [
        Object {
          "color": "#000",
        },
      ]
    }
  >
    8/4/2020, 10:00:00 PM
  </Text>
</View>
`;
